> Task :app:preBuild UP-TO-DATE
> Task :app:preDebugBuild UP-TO-DATE
> Task :app:mergeDebugNativeDebugMetadata NO-SOURCE
> Task :app:checkKotlinGradlePluginConfigurationErrors
> Task :app:checkDebugAarMetadata UP-TO-DATE
> Task :app:processDebugNavigationResources UP-TO-DATE
> Task :app:compileDebugNavigationResources UP-TO-DATE
> Task :app:generateDebugResValues UP-TO-DATE
> Task :app:injectCrashlyticsMappingFileIdDebug UP-TO-DATE
> Task :app:processDebugGoogleServices UP-TO-DATE
> Task :app:mapDebugSourceSetPaths UP-TO-DATE
> Task :app:generateDebugResources UP-TO-DATE
> Task :app:mergeDebugResources UP-TO-DATE
> Task :app:packageDebugResources UP-TO-DATE
> Task :app:parseDebugLocalResources UP-TO-DATE
> Task :app:createDebugCompatibleScreenManifests UP-TO-DATE
> Task :app:extractDeepLinksDebug UP-TO-DATE
> Task :app:processDebugMainManifest UP-TO-DATE
> Task :app:processDebugManifest UP-TO-DATE
> Task :app:processDebugManifestForPackage UP-TO-DATE
> Task :app:processDebugResources UP-TO-DATE
> Task :app:javaPreCompileDebug UP-TO-DATE
> Task :app:mergeDebugShaders UP-TO-DATE
> Task :app:compileDebugShaders NO-SOURCE
> Task :app:generateDebugAssets UP-TO-DATE
> Task :app:mergeDebugAssets UP-TO-DATE
> Task :app:compressDebugAssets UP-TO-DATE
> Task :app:desugarDebugFileDependencies UP-TO-DATE
> Task :app:checkDebugDuplicateClasses UP-TO-DATE
> Task :app:mergeExtDexDebug UP-TO-DATE
> Task :app:mergeLibDexDebug UP-TO-DATE
> Task :app:mergeDebugJniLibFolders UP-TO-DATE
> Task :app:mergeDebugNativeLibs UP-TO-DATE
> Task :app:stripDebugDebugSymbols UP-TO-DATE
> Task :app:validateSigningDebug UP-TO-DATE
> Task :app:writeDebugAppMetadata UP-TO-DATE
> Task :app:writeDebugSigningConfigVersions UP-TO-DATE
> Task :app:kaptGenerateStubsDebugKotlin
> Task :app:kaptDebugKotlin

> Task :app:compileDebugKotlin
w: file:///C:/valli/CIPHER/app/src/main/java/com/cipher/media/billing/BillingManager.kt:67:9 Parameter 'listener' is never used
w: file:///C:/valli/CIPHER/app/src/main/java/com/cipher/media/billing/BillingManager.kt:106:9 Parameter 'listener' is never used
w: file:///C:/valli/CIPHER/app/src/main/java/com/cipher/media/data/encryption/VaultEncryptionManager.kt:38:9 Parameter 'originalName' is never used
w: file:///C:/valli/CIPHER/app/src/main/java/com/cipher/media/ui/audio/AudioPlayerScreen.kt:179:55 'QueueMusic: ImageVector' is deprecated. Use the AutoMirrored version at Icons.AutoMirrored.Filled.QueueMusic
w: file:///C:/valli/CIPHER/app/src/main/java/com/cipher/media/ui/audio/equalizer/EqualizerScreen.kt:48:55 'ArrowBack: ImageVector' is deprecated. Use the AutoMirrored version at Icons.AutoMirrored.Filled.ArrowBack
w: file:///C:/valli/CIPHER/app/src/main/java/com/cipher/media/ui/components/GestureOverlay.kt:100:21 Variable 'dragStartX' is assigned but never accessed
w: file:///C:/valli/CIPHER/app/src/main/java/com/cipher/media/ui/components/GestureOverlay.kt:144:67 'VolumeUp: ImageVector' is deprecated. Use the AutoMirrored version at Icons.AutoMirrored.Filled.VolumeUp
w: file:///C:/valli/CIPHER/app/src/main/java/com/cipher/media/ui/components/GestureOverlay.kt:145:66 'VolumeDown: ImageVector' is deprecated. Use the AutoMirrored version at Icons.AutoMirrored.Filled.VolumeDown
w: file:///C:/valli/CIPHER/app/src/main/java/com/cipher/media/ui/components/GestureOverlay.kt:146:63 'VolumeOff: ImageVector' is deprecated. Use the AutoMirrored version at Icons.AutoMirrored.Filled.VolumeOff
w: file:///C:/valli/CIPHER/app/src/main/java/com/cipher/media/ui/components/ShimmerLoading.kt:22:5 Parameter 'modifier' is never used
w: file:///C:/valli/CIPHER/app/src/main/java/com/cipher/media/ui/navigation/CIPHERNavigation.kt:246:41 Parameter 'itemId' is never used, could be renamed to _
w: file:///C:/valli/CIPHER/app/src/main/java/com/cipher/media/ui/premium/PremiumScreen.kt:60:42 'ArrowBack: ImageVector' is deprecated. Use the AutoMirrored version at Icons.AutoMirrored.Filled.ArrowBack
w: file:///C:/valli/CIPHER/app/src/main/java/com/cipher/media/ui/search/SearchScreen.kt:46:55 'ArrowBack: ImageVector' is deprecated. Use the AutoMirrored version at Icons.AutoMirrored.Filled.ArrowBack
w: file:///C:/valli/CIPHER/app/src/main/java/com/cipher/media/ui/settings/SettingsScreen.kt:45:55 'ArrowBack: ImageVector' is deprecated. Use the AutoMirrored version at Icons.AutoMirrored.Filled.ArrowBack
w: file:///C:/valli/CIPHER/app/src/main/java/com/cipher/media/ui/stealth/StealthSetupScreen.kt:43:55 'ArrowBack: ImageVector' is deprecated. Use the AutoMirrored version at Icons.AutoMirrored.Filled.ArrowBack
w: file:///C:/valli/CIPHER/app/src/main/java/com/cipher/media/ui/vault/VaultAuthScreen.kt:32:5 Parameter 'viewModel' is never used
w: file:///C:/valli/CIPHER/app/src/main/java/com/cipher/media/ui/vault/VaultBrowserScreen.kt:42:74 'ArrowBack: ImageVector' is deprecated. Use the AutoMirrored version at Icons.AutoMirrored.Filled.ArrowBack
w: file:///C:/valli/CIPHER/app/src/main/java/com/cipher/media/ui/vault/components/IntruderLogScreen.kt:39:55 'ArrowBack: ImageVector' is deprecated. Use the AutoMirrored version at Icons.AutoMirrored.Filled.ArrowBack
w: file:///C:/valli/CIPHER/app/src/main/java/com/cipher/media/ui/vault/components/PinPad.kt:80:39 'Backspace: ImageVector' is deprecated. Use the AutoMirrored version at Icons.AutoMirrored.Filled.Backspace
w: file:///C:/valli/CIPHER/app/src/main/java/com/cipher/media/ui/vault/viewer/EncryptedImageViewer.kt:81:40 'ArrowBack: ImageVector' is deprecated. Use the AutoMirrored version at Icons.AutoMirrored.Filled.ArrowBack
w: file:///C:/valli/CIPHER/app/src/main/java/com/cipher/media/ui/vault/viewer/EncryptedVideoPlayer.kt:92:40 'ArrowBack: ImageVector' is deprecated. Use the AutoMirrored version at Icons.AutoMirrored.Filled.ArrowBack
w: file:///C:/valli/CIPHER/app/src/main/java/com/cipher/media/ui/video/VideoPlayerScreen.kt:204:43 'ArrowBack: ImageVector' is deprecated. Use the AutoMirrored version at Icons.AutoMirrored.Filled.ArrowBack

> Task :app:compileDebugJavaWithJavac
> Task :app:hiltAggregateDepsDebug
> Task :app:hiltJavaCompileDebug
> Task :app:processDebugJavaRes
> Task :app:transformDebugClassesWithAsm
> Task :app:mergeDebugJavaResource
> Task :app:dexBuilderDebug
> Task :app:mergeDebugGlobalSynthetics
> Task :app:mergeProjectDexDebug
> Task :app:packageDebug
> Task :app:createDebugApkListingFileRedirect
> Task :app:assembleDebug

[Incubating] Problems report is available at: file:///C:/valli/CIPHER/build/reports/problems/problems-report.html

Deprecated Gradle features were used in this build, making it incompatible with Gradle 9.0.

You can use '--warning-mode all' to show the individual deprecation warnings and determine if they come from your own scripts or plugins.

For more on this, please refer to https://docs.gradle.org/8.13/userguide/command_line_interface.html#sec:command_line_warnings in the Gradle documentation.

BUILD SUCCESSFUL in 1m 35s
46 actionable tasks: 15 executed, 31 up-to-date
